Command line invocation:
    /Applications/Xcode.app/Contents/Developer/usr/bin/xcodebuild test -project SnapFlex.xcodeproj -scheme SnapFlex -destination platform=iOS,id=12E7AB1A-C5B5-5F9C-A09F-85D9F409E84E "-only-testing:SnapFlexTests/DeviceSettingsReproTests" -allowProvisioningUpdates DEVELOPMENT_TEAM=RA4VQQK3U6 CODE_SIGN_STYLE=Automatic

Build settings from command line:
    CODE_SIGN_STYLE = Automatic
    DEVELOPMENT_TEAM = RA4VQQK3U6

Resolve Package Graph


Resolved source packages:
  SnapFlexCore: /Users/andreamurru/SnapFlexBuild/Core

ComputePackagePrebuildTargetDependencyGraph

Prepare packages

CreateBuildRequest

SendProjectDescription

CreateBuildOperation

ComputeTargetDependencyGraph
note: Building targets in dependency order
note: Target dependency graph (4 targets)
    Target 'SnapFlexTests' in project 'SnapFlex'
        ➜ Explicit dependency on target 'SnapFlex' in project 'SnapFlex'
    Target 'SnapFlex' in project 'SnapFlex'
        ➜ Explicit dependency on target 'SnapFlexCore' in project 'SnapFlexCore'
    Target 'SnapFlexCore' in project 'SnapFlexCore'
        ➜ Explicit dependency on target 'SnapFlexCore' in project 'SnapFlexCore'
    Target 'SnapFlexCore' in project 'SnapFlexCore' (no dependencies)

GatherProvisioningInputs

CreateBuildDescription

ClangStatCache /Applications/Xcode.app/Contents/Developer/Toolchains/XcodeDefault.xctoolchain/usr/bin/clang-stat-cache /Applications/Xcode.app/Contents/Developer/Platforms/iPhoneOS.platform/Developer/SDKs/iPhoneOS26.5.sdk /Users/andreamurru/Library/Developer/Xcode/DerivedData/SDKStatCaches.noindex/iphoneos26.5-23F73-688ef53f1462e2c8f657fdc38a81448f32daed1954a7d5dd0789fcaf2a9bb78b.sdkstatcache
    cd /Users/andreamurru/SnapFlexBuild/SnapFlex.xcodeproj
    /Applications/Xcode.app/Contents/Developer/Toolchains/XcodeDefault.xctoolchain/usr/bin/clang-stat-cache /Applications/Xcode.app/Contents/Developer/Platforms/iPhoneOS.platform/Developer/SDKs/iPhoneOS26.5.sdk -o /Users/andreamurru/Library/Developer/Xcode/DerivedData/SDKStatCaches.noindex/iphoneos26.5-23F73-688ef53f1462e2c8f657fdc38a81448f32daed1954a7d5dd0789fcaf2a9bb78b.sdkstatcache

CodeSign /Users/andreamurru/Library/Developer/Xcode/DerivedData/SnapFlex-avcdgpizbreltndcksdvuvkrjyfp/Build/Products/Debug-iphoneos/SnapFlex.app/SnapFlex.debug.dylib (in target 'SnapFlex' from project 'SnapFlex')
    cd /Users/andreamurru/SnapFlexBuild
    
    Signing Identity:     "Apple Development: anmurru+itunes@gmail.com (U55YGSU77D)"
    Provisioning Profile: "iOS Team Provisioning Profile: *"
                          (938bfba4-8860-4c62-b56d-57ddd4998ce6)
    
    /usr/bin/codesign --force --sign 175FD9D5B7075A8776D0AA2A7DB55D07978D67E9 --timestamp\=none --generate-entitlement-der /Users/andreamurru/Library/Developer/Xcode/DerivedData/SnapFlex-avcdgpizbreltndcksdvuvkrjyfp/Build/Products/Debug-iphoneos/SnapFlex.app/SnapFlex.debug.dylib
/Users/andreamurru/Library/Developer/Xcode/DerivedData/SnapFlex-avcdgpizbreltndcksdvuvkrjyfp/Build/Products/Debug-iphoneos/SnapFlex.app/SnapFlex.debug.dylib: replacing existing signature

CodeSign /Users/andreamurru/Library/Developer/Xcode/DerivedData/SnapFlex-avcdgpizbreltndcksdvuvkrjyfp/Build/Products/Debug-iphoneos/SnapFlex.app/__preview.dylib (in target 'SnapFlex' from project 'SnapFlex')
    cd /Users/andreamurru/SnapFlexBuild
    
    Signing Identity:     "Apple Development: anmurru+itunes@gmail.com (U55YGSU77D)"
    Provisioning Profile: "iOS Team Provisioning Profile: *"
                          (938bfba4-8860-4c62-b56d-57ddd4998ce6)
    
    /usr/bin/codesign --force --sign 175FD9D5B7075A8776D0AA2A7DB55D07978D67E9 --timestamp\=none --generate-entitlement-der /Users/andreamurru/Library/Developer/Xcode/DerivedData/SnapFlex-avcdgpizbreltndcksdvuvkrjyfp/Build/Products/Debug-iphoneos/SnapFlex.app/__preview.dylib
/Users/andreamurru/Library/Developer/Xcode/DerivedData/SnapFlex-avcdgpizbreltndcksdvuvkrjyfp/Build/Products/Debug-iphoneos/SnapFlex.app/__preview.dylib: replacing existing signature

CodeSign /Users/andreamurru/Library/Developer/Xcode/DerivedData/SnapFlex-avcdgpizbreltndcksdvuvkrjyfp/Build/Products/Debug-iphoneos/SnapFlex.app (in target 'SnapFlex' from project 'SnapFlex')
    cd /Users/andreamurru/SnapFlexBuild
    
    Signing Identity:     "Apple Development: anmurru+itunes@gmail.com (U55YGSU77D)"
    Provisioning Profile: "iOS Team Provisioning Profile: *"
                          (938bfba4-8860-4c62-b56d-57ddd4998ce6)
    
    /usr/bin/codesign --force --sign 175FD9D5B7075A8776D0AA2A7DB55D07978D67E9 --entitlements /Users/andreamurru/Library/Developer/Xcode/DerivedData/SnapFlex-avcdgpizbreltndcksdvuvkrjyfp/Build/Intermediates.noindex/SnapFlex.build/Debug-iphoneos/SnapFlex.build/SnapFlex.app.xcent --timestamp\=none --generate-entitlement-der /Users/andreamurru/Library/Developer/Xcode/DerivedData/SnapFlex-avcdgpizbreltndcksdvuvkrjyfp/Build/Products/Debug-iphoneos/SnapFlex.app
/Users/andreamurru/Library/Developer/Xcode/DerivedData/SnapFlex-avcdgpizbreltndcksdvuvkrjyfp/Build/Products/Debug-iphoneos/SnapFlex.app: replacing existing signature

Validate /Users/andreamurru/Library/Developer/Xcode/DerivedData/SnapFlex-avcdgpizbreltndcksdvuvkrjyfp/Build/Products/Debug-iphoneos/SnapFlex.app (in target 'SnapFlex' from project 'SnapFlex')
    cd /Users/andreamurru/SnapFlexBuild
    builtin-validationUtility /Users/andreamurru/Library/Developer/Xcode/DerivedData/SnapFlex-avcdgpizbreltndcksdvuvkrjyfp/Build/Products/Debug-iphoneos/SnapFlex.app -shallow-bundle -infoplist-subpath Info.plist

2026-08-08 15:22:25.987256+0200 SnapFlex[7572:2308639] [MC] Reading from public effective user settings.
2026-08-08 15:22:25.994213+0200 SnapFlex[7572:2308639] [] (Fig) signalled err=-12710 at <>:601
2026-08-08 15:22:25.994222+0200 SnapFlex[7572:2308639] [] (Fig) signalled err=-12710 at <>:601
2026-08-08 15:22:25.994250+0200 SnapFlex[7572:2308639] [] (Fig) signalled err=-12710 at <>:601
2026-08-08 15:22:26.105295+0200 SnapFlex[7572:2308747] [Core] {"msg":"#Warning Error reading file", "file":"\/\/private\/var\/Managed Preferences\/mobile\/com.apple.CoreMotion.plist", "error":"Error Domain=NSCocoaErrorDomain Code=257 \"The file “com.apple.CoreMotion.plist” couldn’t be opened because you don’t have permission to view it.\" UserInfo={NSFilePath=\/\/private\/var\/Managed Preferences\/mobile\/com.apple.CoreMotion.plist, NSURL=file:\/\/\/\/private\/var\/Managed%20Preferences\/mobile\/com.apple.CoreMotion.plist, NSUnderlyingError=0x10f835950 {Error Domain=NSPOSIXErrorDomain Code=1 \"Operation not permitted\"}}"}
2026-08-08 15:22:26.125309+0200 SnapFlex[7572:2308744] [] <<<< FigXPCUtilities >>>> signalled err=-17281 at <>:308
2026-08-08 15:22:26.125324+0200 SnapFlex[7572:2308744] [] <<<< FigCaptureSourceRemote >>>> Fig assert: "err == 0 " at bail (FigCaptureSourceRemote.m:569) - (err=-17281)
Test Suite 'Selected tests' started at 2026-08-08 15:22:26.333.
Test Suite 'SnapFlexTests.xctest' started at 2026-08-08 15:22:26.333.
Test Suite 'SnapFlexTests.xctest' passed at 2026-08-08 15:22:26.334.
	 Executed 0 tests, with 0 failures (0 unexpected) in 0.000 (0.000) seconds
Test Suite 'Selected tests' passed at 2026-08-08 15:22:26.334.
	 Executed 0 tests, with 0 failures (0 unexpected) in 0.000 (0.000) seconds
◇ Test run started.
↳ Testing Library Version: 1902
↳ Target Platform: arm64e-apple-ios15.6
◇ Suite DeviceSettingsReproTests started.
◇ Test allSettingsCombos() started.
COMBO: available RAW formats: [1815491698, 1650943796]
COMBO: bayer=Optional(1650943796) proRAW=Optional(1815491698)
COMBO: raw=bayer processed=true flash=false proc=0AI
COMBO: raw=bayer processed=true flash=false proc=STD
2026-08-08 15:22:26.346507+0200 SnapFlex[7572:2308745] *** Terminating app due to uncaught exception 'NSInvalidArgumentException', reason: '*** -[AVCapturePhotoSettings setPhotoQualityPrioritization:] Unsupported when capturing RAW'
*** First throw call stack:
(0x1a1ade23c 0x19e5ad224 0x1c8e1b6b8 0x10512d4d4 0x10a228cd0 0x10a227b7c 0x10a227829 0x10a229205 0x10a229ac9 0x1054064a9 0x10537248d 0x1053cf471 0x1054055b1 0x10537248d 0x105371351 0x10537248d 0x19faf463d 0x105484e91 0x105371f15 0x19faf0ff9 0x19faf1121 0x10543aa31 0x105371351 0x10537248d 0x19faf0ff9 0x19faf1121 0x105407b35 0x10541670d 0x105404801 0x105371f15 0x10537c2f5 0x10537248d 0x105413c59 0x10537248d 0x19fae9385)
*** Terminating app due to uncaught exception 'NSInvalidArgumentException', reason: '*** -[AVCapturePhotoSettings setPhotoQualityPrioritization:] Unsupported when capturing RAW'
*** First throw call stack:
(0x1a1ade23c 0x19e5ad224 0x1c8e1b6b8 0x10512d4d4 0x10a228cd0 0x10a227b7c 0x10a227829 0x10a229205 0x10a229ac9 0x1054064a9 0x10537248d 0x1053cf471 0x1054055b1 0x10537248d 0x105371351 0x10537248d 0x19faf463d 0x105484e91 0x105371f15 0x19faf0ff9 0x19faf1121 0x10543aa31 0x105371351 0x10537248d 0x19faf0ff9 0x19faf1121 0x105407b35 0x10541670d 0x105404801 0x105371f15 0x10537c2f5 0x10537248d 0x105413c59 0x10537248d 0x19fae9385)
libc++abi: terminating due to uncaught exception of type NSException
2026-08-08 15:22:47.980210+0200 SnapFlex[7575:2309198] [MC] Reading from public effective user settings.
2026-08-08 15:22:47.986944+0200 SnapFlex[7575:2309198] [] (Fig) signalled err=-12710 at <>:601
2026-08-08 15:22:47.986953+0200 SnapFlex[7575:2309198] [] (Fig) signalled err=-12710 at <>:601
2026-08-08 15:22:47.986982+0200 SnapFlex[7575:2309198] [] (Fig) signalled err=-12710 at <>:601
2026-08-08 15:22:48.036409+0200 SnapFlex[7575:2309253] [Core] {"msg":"#Warning Error reading file", "file":"\/\/private\/var\/Managed Preferences\/mobile\/com.apple.CoreMotion.plist", "error":"Error Domain=NSCocoaErrorDomain Code=257 \"The file “com.apple.CoreMotion.plist” couldn’t be opened because you don’t have permission to view it.\" UserInfo={NSFilePath=\/\/private\/var\/Managed Preferences\/mobile\/com.apple.CoreMotion.plist, NSURL=file:\/\/\/\/private\/var\/Managed%20Preferences\/mobile\/com.apple.CoreMotion.plist, NSUnderlyingError=0x1104fc930 {Error Domain=NSPOSIXErrorDomain Code=1 \"Operation not permitted\"}}"}
2026-08-08 15:22:48.056106+0200 SnapFlex[7575:2309248] [] <<<< FigXPCUtilities >>>> signalled err=-17281 at <>:308
2026-08-08 15:22:48.056122+0200 SnapFlex[7575:2309248] [] <<<< FigCaptureSourceRemote >>>> Fig assert: "err == 0 " at bail (FigCaptureSourceRemote.m:569) - (err=-17281)

Restarting after unexpected exit, crash, or test timeout; summary will include totals from previous launches.

Test Suite 'Selected tests' started at 2026-08-08 15:22:48.133.
Test Suite 'SnapFlexTests.xctest' started at 2026-08-08 15:22:48.133.
Test Suite 'SnapFlexTests.xctest' passed at 2026-08-08 15:22:48.133.
	 Executed 0 tests, with 0 failures (0 unexpected) in 0.000 (0.000) seconds
Test Suite 'Selected tests' passed at 2026-08-08 15:22:48.133.
	 Executed 0 tests, with 0 failures (0 unexpected) in 0.000 (0.000) seconds
◇ Test run started.
↳ Testing Library Version: 1902
↳ Target Platform: arm64e-apple-ios15.6
◇ Suite DeviceSettingsReproTests started.
✔ Suite DeviceSettingsReproTests passed after 0.001 seconds.
✔ Test run with 0 tests in 1 suite passed after 0.001 seconds.
2026-08-08 15:22:48.493 xcodebuild[85315:1634937]  IDETestOperationsObserverDebug: Failure collecting diagnostics from devices: Process exited with error 1:
 ERROR: The operation couldn?t be completed. (CoreDeviceCLISupport.DiagnoseError error 0.)
This tool generates files that allow Apple to investigate issues with your
computer and help improve Apple products. The files might contain personal
information found on your device or associated with your Apple Account(s),
including but not limited to your name, serial numbers of your device,
your device name, your device's location over the last one to two days,
your attached peripheral devices, your user name, your email address and
email settings, file paths, file names, Siri suggestions, your computer's
IP addresses, and network connection information.

This information is used by Apple in accordance with its privacy policy
(www.apple.com/privacy) and is not shared with any other company. By using
this tool and sending the results to Apple, you consent to Apple using the
contents of these files to improve Apple products.

An error occurred while running devicectl diagnose. Will archive the diagnostics collected thus far.
Wrote file to /Users/andreamurru/Library/Developer/Xcode/DerivedData/SnapFlex-avcdgpizbreltndcksdvuvkrjyfp/Logs/Test/Test-SnapFlex-2026.08.08_15-22-21-+0200.xcresult/Staging/1_Test/Diagnostics/devicectl_diagnostics.zip
Partial devicectl diagnose bundle located here: /Users/andreamurru/Library/Developer/Xcode/DerivedData/SnapFlex-avcdgpizbreltndcksdvuvkrjyfp/Logs/Test/Test-SnapFlex-2026.08.08_15-22-21-+0200.xcresult/Staging/1_Test/Diagnostics/devicectl_diagnostics.zip

2026-08-08 15:22:48.498 xcodebuild[85315:1633624] [MT] IDETestOperationsObserverDebug: 25.291 elapsed -- Testing started completed.
2026-08-08 15:22:48.498 xcodebuild[85315:1633624] [MT] IDETestOperationsObserverDebug: 0.000 sec, +0.000 sec -- start
2026-08-08 15:22:48.498 xcodebuild[85315:1633624] [MT] IDETestOperationsObserverDebug: 25.291 sec, +25.291 sec -- end

Test session results, code coverage, and logs:
	/Users/andreamurru/Library/Developer/Xcode/DerivedData/SnapFlex-avcdgpizbreltndcksdvuvkrjyfp/Logs/Test/Test-SnapFlex-2026.08.08_15-22-21-+0200.xcresult

Failing tests:
	DeviceSettingsReproTests.allSettingsCombos()

** TEST FAILED **

Testing started
